[22:02:50] [ServerMain/INFO]: Environment: Environment[sessionHost=https://sessionserver.mojang.com, servicesHost=https://api.minecraftservices.com, name=PROD]
[22:02:51] [ServerMain/INFO]: Loaded 1373 recipes
[22:02:51] [ServerMain/INFO]: Loaded 1484 advancements
[22:02:51] [Server thread/INFO]: Starting minecraft server version 1.21.5
[22:02:51] [Server thread/INFO]: Loading properties
[22:02:51] [Server thread/INFO]: Default game type: SURVIVAL
[22:02:51] [Server thread/INFO]: Generating keypair
[22:02:51] [Server thread/INFO]: Starting Minecraft server on *:25565
[22:02:51] [Server thread/INFO]: Using default channel type
[22:02:51] [Server thread/WARN]: **** SERVER IS RUNNING IN OFFLINE/INSECURE MODE!
[22:02:51] [Server thread/WARN]: The server will make no attempt to authenticate usernames. Beware.
[22:02:51] [Server thread/WARN]: While this makes the game possible to play without internet access, it also opens up the ability for hackers to connect with any username they choose.
[22:02:51] [Server thread/WARN]: To change this, set "online-mode" to "true" in the server.properties file.
[22:02:51] [Server thread/INFO]: Preparing level "Electricraft"
[22:02:51] [Server thread/INFO]: Preparing start region for dimension minecraft:overworld
[22:02:52] [Worker-Main-10/INFO]: Preparing spawn area: 0%
[22:02:52] [Worker-Main-10/INFO]: Preparing spawn area: 0%
[22:02:52] [Server thread/INFO]: Time elapsed: 627 ms
[22:02:52] [Server thread/INFO]: Done (0.876s)! For help, type "help"
[22:03:52] [Server thread/INFO]: Server empty for 60 seconds, pausing
[22:04:02] [Server thread/INFO]: Juli337[/127.0.0.1:50861] logged in with entity id 13 at (9.5, 118.0, -3.5)
[22:04:02] [Server thread/INFO]: Juli337 joined the game
[22:04:29] [Server thread/INFO]: Juli337 lost connection: Disconnected
[22:04:29] [Server thread/INFO]: Juli337 left the game
[22:04:35] [Server thread/INFO]: Unknown or incomplete command, see below for error
[22:04:35] [Server thread/INFO]: exit<--[HERE]
[22:04:38] [Server thread/INFO]: Stopping the server
[22:04:38] [Server thread/INFO]: Stopping server
[22:04:38] [Server thread/INFO]: Saving players
[22:04:38] [Server thread/INFO]: Saving worlds
[22:04:38] [Server thread/INFO]: Saving chunks for level 'ServerLevel[Electricraft]'/minecraft:overworld
[22:04:38] [Server thread/INFO]: Saving chunks for level 'ServerLevel[Electricraft]'/minecraft:the_nether
[22:04:38] [Server thread/INFO]: Saving chunks for level 'ServerLevel[Electricraft]'/minecraft:the_end
[22:04:38] [Server thread/INFO]: ThreadedAnvilChunkStorage (Electricraft): All chunks are saved
[22:04:38] [Server thread/INFO]: ThreadedAnvilChunkStorage (DIM-1): All chunks are saved
[22:04:38] [Server thread/INFO]: ThreadedAnvilChunkStorage (DIM1): All chunks are saved
[22:04:38] [Server thread/INFO]: ThreadedAnvilChunkStorage: All dimensions are saved
